Beginning nbody simulation...
 - DS method 
 - 100 bodies
 - MAC parameter: 0.500000
 - Iterations: 10
 - Time step: 0.010000
-----------------------------------------------
Iteration 1: time = 0.464 seconds
Iteration 2: time = 0.000 seconds
Iteration 3: time = 0.000 seconds
Iteration 4: time = 0.000 seconds
Iteration 5: time = 0.000 seconds
Iteration 6: time = 0.000 seconds
Iteration 7: time = 0.000 seconds
Iteration 8: time = 0.000 seconds
Iteration 9: time = 0.000 seconds
Iteration 10: time = 0.000 seconds
Total time = 0.003 seconds, Average time = 0.000 seconds.
100 Bodies: average 0.035 Billion Interactions / second
-----------------------------------------------
ACCURACY CHECK AGAINST DS
Iteration 1: time = 0.000 seconds
Iteration 2: time = 0.000 seconds
Iteration 3: time = 0.000 seconds
Iteration 4: time = 0.000 seconds
Iteration 5: time = 0.000 seconds
Iteration 6: time = 0.000 seconds
Iteration 7: time = 0.000 seconds
Iteration 8: time = 0.000 seconds
Iteration 9: time = 0.000 seconds
Iteration 10: time = 0.000 seconds
Body 0: orig = (0.350518, 0.355641, 0.337852), p = (0.350536, 0.355654, 0.337849)
Body 1: orig = (0.541774, 0.631968, 0.411709), p = (0.541772, 0.631972, 0.411720)
Body 2: orig = (0.744518, 0.459631, 0.585949), p = (0.744513, 0.459630, 0.585950)
Body 3: orig = (0.602241, 0.376385, 0.250855), p = (0.602214, 0.376373, 0.250847)
Body 4: orig = (0.754039, 0.411348, 0.535327), p = (0.754031, 0.411341, 0.535342)
Body 5: orig = (0.403039, 0.431996, 0.765812), p = (0.403036, 0.431991, 0.765809)
Body 6: orig = (0.523499, 1.415603, 1.300171), p = (0.523498, 1.415600, 1.300170)
Body 7: orig = (0.501759, 0.759918, 0.628211), p = (0.501760, 0.759920, 0.628217)
Body 8: orig = (0.975458, 1.092699, 0.259936), p = (0.975462, 1.092707, 0.259934)
Body 9: orig = (0.277384, 0.721292, 0.364914), p = (0.277380, 0.721296, 0.364910)
Body 10: orig = (0.226955, 0.507032, 0.185165), p = (0.226951, 0.507032, 0.185158)
Body 11: orig = (0.193349, 0.642335, 0.533599), p = (0.193353, 0.642331, 0.533594)
Body 12: orig = (0.391483, 0.276685, 0.251512), p = (0.391544, 0.276668, 0.251593)
Body 13: orig = (0.739165, 0.184127, 0.686270), p = (0.739162, 0.184131, 0.686268)
Body 14: orig = (0.285122, 0.350409, 0.216908), p = (0.285100, 0.350403, 0.216914)
Body 15: orig = (3.018284, 1.375143, 0.277677), p = (3.018284, 1.375143, 0.277677)
Body 16: orig = (0.569629, 0.169555, -0.047481), p = (0.569629, 0.169550, -0.047470)
Body 17: orig = (-0.661073, 1.249574, 0.465137), p = (-0.661074, 1.249567, 0.465134)
Body 18: orig = (0.642995, 0.457308, 0.369861), p = (0.642999, 0.457299, 0.369868)
Body 19: orig = (0.787073, 0.606021, 0.128885), p = (0.787076, 0.606019, 0.128887)
Body 20: orig = (0.435066, 0.668875, 0.481090), p = (0.435043, 0.668868, 0.481067)
Body 21: orig = (0.103341, 0.785639, -0.256568), p = (0.103340, 0.785638, -0.256568)
Body 22: orig = (0.376242, 0.277266, 0.444583), p = (0.376260, 0.277357, 0.444645)
Body 23: orig = (0.403104, 0.296434, 0.491837), p = (0.403128, 0.296435, 0.491826)
Body 24: orig = (-13.655450, -7.732275, 12.925905), p = (-13.655451, -7.732317, 12.925916)
Body 25: orig = (0.462304, 0.146910, 0.835188), p = (0.462314, 0.146910, 0.835195)
Body 26: orig = (0.753637, 0.206107, 0.817612), p = (0.753622, 0.206138, 0.817609)
Body 27: orig = (0.632553, 0.585391, 0.451091), p = (0.632538, 0.585382, 0.451075)
Body 28: orig = (0.513431, 0.423823, 0.755948), p = (0.513529, 0.423747, 0.755973)
Body 29: orig = (3.059368, 0.212072, -0.487497), p = (3.059362, 0.212072, -0.487494)
Body 30: orig = (-53.344628, -2.126848, 10.078395), p = (-53.345600, -2.128740, 10.080945)
Body 31: orig = (0.673286, 0.074072, 0.972105), p = (0.673286, 0.074073, 0.972103)
Body 32: orig = (0.367826, 0.417833, 0.389018), p = (0.367881, 0.417831, 0.389070)
Body 33: orig = (0.636225, 0.329426, 0.293038), p = (0.636231, 0.329416, 0.293045)
Body 34: orig = (-1.505975, 1.452147, 0.587644), p = (-1.505971, 1.452144, 0.587644)
Body 35: orig = (0.548572, 0.158334, 0.604028), p = (0.548556, 0.158465, 0.603975)
Body 36: orig = (1.339618, -0.487006, -0.003113), p = (1.339618, -0.487005, -0.003114)
Body 37: orig = (1.269852, -0.528834, -0.121051), p = (1.269854, -0.528824, -0.121044)
Body 38: orig = (1.686010, 0.277169, 0.198070), p = (1.685996, 0.277171, 0.198074)
Body 39: orig = (0.631216, 0.478745, 1.001815), p = (0.631196, 0.478694, 1.001734)
Body 40: orig = (-0.688989, 4.494864, 0.934390), p = (-0.688460, 4.496406, 0.935664)
Body 41: orig = (0.382771, 0.618205, 0.790338), p = (0.382768, 0.618205, 0.790328)
Body 42: orig = (1.363833, 2.694913, 0.449239), p = (1.363831, 2.694906, 0.449240)
Body 43: orig = (0.474599, 0.470984, 0.398185), p = (0.474595, 0.470939, 0.398194)
Body 44: orig = (0.422378, 0.814858, -0.049917), p = (0.422377, 0.814855, -0.049915)
Body 45: orig = (-1.053687, 1.136155, -0.830072), p = (-1.053687, 1.136155, -0.830072)
Body 46: orig = (0.474467, 1.688151, -0.750382), p = (0.474405, 1.688320, -0.750579)
Body 47: orig = (0.545797, 1.073350, 0.971640), p = (0.545773, 1.073342, 0.971549)
Body 48: orig = (0.955172, 0.704325, 1.444513), p = (0.955172, 0.704328, 1.444512)
Body 49: orig = (-0.304609, 0.872418, 0.823342), p = (-0.304381, 0.872412, 0.823289)
Body 50: orig = (0.398098, 0.535380, 0.801054), p = (0.398095, 0.535379, 0.801060)
Body 51: orig = (0.357613, 0.910499, 0.602190), p = (0.357613, 0.910500, 0.602189)
Body 52: orig = (0.536793, 0.721554, 0.364794), p = (0.536787, 0.721537, 0.364779)
Body 53: orig = (0.450729, 0.470381, 0.563366), p = (0.450739, 0.470378, 0.563356)
Body 54: orig = (0.659916, 0.300330, 0.689766), p = (0.659888, 0.300389, 0.689760)
Body 55: orig = (0.737154, 0.908510, 0.286769), p = (0.737154, 0.908522, 0.286758)
Body 56: orig = (0.643971, 0.344057, 0.503140), p = (0.643966, 0.344047, 0.503142)
Body 57: orig = (-1.046982, 0.215912, 1.735508), p = (-1.046973, 0.215917, 1.735511)
Body 58: orig = (0.622416, 0.477049, 0.496788), p = (0.622418, 0.477043, 0.496782)
Body 59: orig = (0.232306, 0.870262, 0.512158), p = (0.232318, 0.870236, 0.512221)
Body 60: orig = (0.456542, 0.343548, 0.411577), p = (0.456537, 0.343531, 0.411591)
Body 61: orig = (0.613564, 0.526226, 0.488296), p = (0.613550, 0.526207, 0.488290)
Body 62: orig = (0.591348, 0.336437, 0.707320), p = (0.591432, 0.336340, 0.707283)
Body 63: orig = (0.517141, 0.483148, 0.459306), p = (0.517128, 0.483167, 0.459300)
Body 64: orig = (1.874975, 0.858663, 0.615629), p = (1.874976, 0.858663, 0.615629)
Body 65: orig = (-0.407792, 1.950811, 1.325245), p = (-0.407792, 1.950810, 1.325245)
Body 66: orig = (0.536391, 0.631300, 0.745592), p = (0.536401, 0.631275, 0.745627)
Body 67: orig = (5.197341, -1.333676, 0.457790), p = (5.197332, -1.333671, 0.457790)
Body 68: orig = (0.577997, 0.827287, 0.322752), p = (0.577990, 0.827252, 0.322778)
Body 69: orig = (0.418192, 1.045005, 0.701606), p = (0.418192, 1.045006, 0.701609)
Body 70: orig = (0.152296, 0.375147, 0.315760), p = (0.152240, 0.375169, 0.315733)
Body 71: orig = (5.129662, 3.401857, -3.969545), p = (5.129662, 3.401873, -3.969549)
Body 72: orig = (0.277334, 0.405930, 0.570974), p = (0.277336, 0.405931, 0.570971)
Body 73: orig = (0.403802, 0.799088, 0.252100), p = (0.403813, 0.799086, 0.252107)
Body 74: orig = (0.424766, 0.364691, 0.097377), p = (0.424769, 0.364689, 0.097377)
Body 75: orig = (0.132446, 0.257575, -0.043582), p = (0.132455, 0.257583, -0.043571)
Body 76: orig = (0.810677, 0.876162, 0.526447), p = (0.810677, 0.876167, 0.526448)
Body 77: orig = (0.904378, 0.581456, 0.708583), p = (0.904270, 0.581460, 0.708560)
Body 78: orig = (0.758246, 0.322971, 0.631927), p = (0.758233, 0.322966, 0.631950)
Body 79: orig = (15.443955, 1.672529, -1.931993), p = (15.444232, 1.673070, -1.932722)
Body 80: orig = (0.478110, -0.009788, 0.930916), p = (0.478109, -0.009795, 0.930921)
Body 81: orig = (0.691283, 0.229571, 0.343041), p = (0.691281, 0.229572, 0.343039)
Body 82: orig = (0.684396, 0.412301, 0.712270), p = (0.684354, 0.412301, 0.712246)
Body 83: orig = (0.315863, 0.401749, 0.527135), p = (0.315880, 0.401751, 0.527119)
Body 84: orig = (0.995411, 0.878911, 1.020767), p = (0.995411, 0.878911, 1.020767)
Body 85: orig = (0.250989, 0.157908, 0.399245), p = (0.250995, 0.157949, 0.399253)
Body 86: orig = (0.511766, 0.862126, 0.547154), p = (0.511772, 0.862106, 0.547183)
Body 87: orig = (0.624514, -2.689101, 1.307175), p = (0.624514, -2.689092, 1.307173)
Body 88: orig = (0.029776, 0.555845, -0.146622), p = (0.029796, 0.555838, -0.146630)
Body 89: orig = (0.450185, 0.890465, 0.637014), p = (0.450185, 0.890466, 0.637017)
Body 90: orig = (-0.898303, -0.315880, 0.136167), p = (-0.898306, -0.315883, 0.136167)
Body 91: orig = (0.487444, 0.650980, 0.552746), p = (0.487438, 0.650974, 0.552738)
Body 92: orig = (0.319127, 0.645151, 0.394844), p = (0.319113, 0.645165, 0.394845)
Body 93: orig = (0.428603, 0.516782, 0.396994), p = (0.428607, 0.516775, 0.396989)
Body 94: orig = (0.386820, 0.515046, 0.370317), p = (0.386822, 0.515042, 0.370316)
Body 95: orig = (2.154360, -4.104069, 0.604657), p = (2.153781, -4.105739, 0.603266)
Body 96: orig = (0.616472, 0.353739, 0.408008), p = (0.616459, 0.353743, 0.408018)
Body 97: orig = (0.475344, 0.609694, 0.346851), p = (0.475364, 0.609710, 0.346846)
Body 98: orig = (0.879049, 0.639562, 1.198396), p = (0.879050, 0.639562, 1.198398)
Body 99: orig = (0.470200, 0.183825, 0.128917), p = (0.470200, 0.183827, 0.128919)
RMS error: 0.000464
