Beginning nbody simulation...
 - DS method 
 - 100 bodies
 - MAC parameter: 0.500000
 - Iterations: 10
 - Time step: 0.010000
-----------------------------------------------
Iteration 1: time = 0.446 seconds
Iteration 2: time = 0.000 seconds
Iteration 3: time = 0.000 seconds
Iteration 4: time = 0.000 seconds
Iteration 5: time = 0.000 seconds
Iteration 6: time = 0.000 seconds
Iteration 7: time = 0.000 seconds
Iteration 8: time = 0.000 seconds
Iteration 9: time = 0.000 seconds
Iteration 10: time = 0.000 seconds
Total time = 0.003 seconds, Average time = 0.000 seconds.
100 Bodies: average 0.036 Billion Interactions / second
-----------------------------------------------
ACCURACY CHECK AGAINST DS
Iteration 1: time = 0.000 seconds
Iteration 2: time = 0.000 seconds
Iteration 3: time = 0.000 seconds
Iteration 4: time = 0.000 seconds
Iteration 5: time = 0.000 seconds
Iteration 6: time = 0.000 seconds
Iteration 7: time = 0.000 seconds
Iteration 8: time = 0.000 seconds
Iteration 9: time = 0.000 seconds
Iteration 10: time = 0.000 seconds
RMS error: 0.000464
